
Discarded input sections

 .group         0x00000000        0x8 binaries/ascdate.o
 .group         0x00000000        0x8 binaries/bufinit.o
 .group         0x00000000        0x8 binaries/chprio.o
 .group         0x00000000        0x8 binaries/clkhandler.o
 .text.__x86.get_pc_thunk.bx
                0x00000000        0x4 binaries/clkhandler.o
 .group         0x00000000        0x8 binaries/clkinit.o
 .text.__x86.get_pc_thunk.bx
                0x00000000        0x4 binaries/clkinit.o
 .group         0x00000000        0x8 binaries/close.o
 .text.__x86.get_pc_thunk.bx
                0x00000000        0x4 binaries/close.o
 .group         0x00000000        0x8 binaries/control.o
 .text.__x86.get_pc_thunk.bx
                0x00000000        0x4 binaries/control.o
 .group         0x00000000        0x8 binaries/create.o
 .group         0x00000000        0x8 binaries/create.o
 .text.__x86.get_pc_thunk.cx
                0x00000000        0x4 binaries/create.o
 .text.__x86.get_pc_thunk.bx
                0x00000000        0x4 binaries/create.o
 .group         0x00000000        0x8 binaries/evec.o
 .group         0x00000000        0x8 binaries/evec.o
 .text.__x86.get_pc_thunk.ax
                0x00000000        0x4 binaries/evec.o
 .text.__x86.get_pc_thunk.bx
                0x00000000        0x4 binaries/evec.o
 .group         0x00000000        0x8 binaries/exit.o
 .text.__x86.get_pc_thunk.bx
                0x00000000        0x4 binaries/exit.o
 .group         0x00000000        0x8 binaries/freebuf.o
 .text.__x86.get_pc_thunk.bx
                0x00000000        0x4 binaries/freebuf.o
 .group         0x00000000        0x8 binaries/freemem.o
 .text.__x86.get_pc_thunk.bx
                0x00000000        0x4 binaries/freemem.o
 .group         0x00000000        0x8 binaries/getbuf.o
 .text.__x86.get_pc_thunk.bx
                0x00000000        0x4 binaries/getbuf.o
 .group         0x00000000        0x8 binaries/getc.o
 .text.__x86.get_pc_thunk.bx
                0x00000000        0x4 binaries/getc.o
 .group         0x00000000        0x8 binaries/getdev.o
 .text.__x86.get_pc_thunk.bx
                0x00000000        0x4 binaries/getdev.o
 .group         0x00000000        0x8 binaries/getitem.o
 .group         0x00000000        0x8 binaries/getitem.o
 .text.__x86.get_pc_thunk.ax
                0x00000000        0x4 binaries/getitem.o
 .group         0x00000000        0x8 binaries/getmem.o
 .text.__x86.get_pc_thunk.bx
                0x00000000        0x4 binaries/getmem.o
 .group         0x00000000        0x8 binaries/getpid.o
 .text.__x86.get_pc_thunk.ax
                0x00000000        0x4 binaries/getpid.o
 .group         0x00000000        0x8 binaries/getprio.o
 .text.__x86.get_pc_thunk.bx
                0x00000000        0x4 binaries/getprio.o
 .group         0x00000000        0x8 binaries/getstk.o
 .text.__x86.get_pc_thunk.bx
                0x00000000        0x4 binaries/getstk.o
 .group         0x00000000        0x8 binaries/getticks.o
 .text.__x86.get_pc_thunk.ax
                0x00000000        0x4 binaries/getticks.o
 .group         0x00000000        0x8 binaries/gettime.o
 .text.__x86.get_pc_thunk.ax
                0x00000000        0x4 binaries/gettime.o
 .group         0x00000000        0x8 binaries/getutime.o
 .text.__x86.get_pc_thunk.bx
                0x00000000        0x4 binaries/getutime.o
 .group         0x00000000        0x8 binaries/i386.o
 .text.__x86.get_pc_thunk.bx
                0x00000000        0x4 binaries/i386.o
 .group         0x00000000        0x8 binaries/init.o
 .text.__x86.get_pc_thunk.bx
                0x00000000        0x4 binaries/init.o
 .group         0x00000000        0x8 binaries/initialize.o
 .group         0x00000000        0x8 binaries/initialize.o
 .text.__x86.get_pc_thunk.ax
                0x00000000        0x4 binaries/initialize.o
 .text.__x86.get_pc_thunk.bx
                0x00000000        0x4 binaries/initialize.o
 .group         0x00000000        0x8 binaries/insert.o
 .text.__x86.get_pc_thunk.ax
                0x00000000        0x4 binaries/insert.o
 .group         0x00000000        0x8 binaries/insertd.o
 .text.__x86.get_pc_thunk.ax
                0x00000000        0x4 binaries/insertd.o
 .group         0x00000000        0x8 binaries/ioerr.o
 .text.__x86.get_pc_thunk.ax
                0x00000000        0x4 binaries/ioerr.o
 .group         0x00000000        0x8 binaries/ionull.o
 .text.__x86.get_pc_thunk.ax
                0x00000000        0x4 binaries/ionull.o
 .group         0x00000000        0x8 binaries/kill.o
 .text.__x86.get_pc_thunk.bx
                0x00000000        0x4 binaries/kill.o
 .group         0x00000000        0x8 binaries/kprintf.o
 .group         0x00000000        0x8 binaries/kprintf.o
 .text.__x86.get_pc_thunk.ax
                0x00000000        0x4 binaries/kprintf.o
 .text.__x86.get_pc_thunk.bx
                0x00000000        0x4 binaries/kprintf.o
 .group         0x00000000        0x8 binaries/main.o
[...]
Memory Configuration

Name             Origin             Length             Attributes
*default*        0x00000000         0xffffffff

Linker script and memory map

                0x00100000                        physbase = 0x100000
                0x00100000                        . = physbase
                0x00100000                        . = ALIGN (0x1000)

.text           0x00100000    0x1f000
                0x00100000                        text = ABSOLUTE (.)
 *(.text .text.*)
 .text          0x00100000      0x165 binaries/start.o
                0x00100020                entry
                0x0010003d                start
                0x001000a5                inb
                0x001000ad                inw
                0x001000b6                inl
                0x001000be                outb
                0x001000c8                outw
                0x001000d3                outl
                0x001000dd                _rtcin
                0x001000e8                ___udivsi3
                0x001000f3                ___divsi3
                0x001000ff                sbzero
                0x0010010f                bcopy
                0x00100123                insw
                0x00100139                outsw
                0x0010014f                lidt
                0x00100157                jumptocode
                0x0010015e                jumptobootcode
 .text          0x00100165      0x406 binaries/ascdate.o
                0x00100165                ascdate
 .text.__x86.get_pc_thunk.cx
                0x0010056b        0x4 binaries/ascdate.o
                0x0010056b                __x86.get_pc_thunk.cx
 .text          0x0010056f       0x1e binaries/bufinit.o
                0x0010056f                bufinit
 .text.__x86.get_pc_thunk.ax
                0x0010058d        0x4 binaries/bufinit.o
                0x0010058d                __x86.get_pc_thunk.ax
 .text          0x00100591       0xa9 binaries/chprio.o
                0x00100591                chprio
 .text.__x86.get_pc_thunk.bx
                0x0010063a        0x4 binaries/chprio.o
                0x0010063a                __x86.get_pc_thunk.bx
 .text          0x0010063e       0xd7 binaries/clkhandler.o
                0x0010063e                clkhandler
 .text          0x00100715       0x91 binaries/clkinit.o
                0x00100715                clkinit
 .text          0x001007a6       0x88 binaries/close.o
                0x001007a6                close
 .text          0x0010082e        0x0 binaries/conf.o
 .text          0x0010082e       0x8e binaries/control.o
                0x0010082e                control
 .text          0x001008bc      0x2e3 binaries/create.o
                0x001008bc                create
 .text          0x00100b9f      0x3c8 binaries/evec.o
                0x00100b9f                initevec
                0x00100c09                set_evec
                0x00100cc5                trap
 .text          0x00100f67       0x2b binaries/exit.o
                0x00100f67                exit
 .text          0x00100f92       0xa1 binaries/freebuf.o
                0x00100f92                freebuf
 .text          0x00101033      0x197 binaries/freemem.o
                0x00101033                freemem
 .text          0x001011ca       0x9f binaries/getbuf.o
                0x001011ca                getbuf
 .text          0x00101269       0x88 binaries/getc.o
                0x00101269                getc
 .text          0x001012f1       0x88 binaries/getdev.o
                0x001012f1                getdev
 .text          0x00101379      0x115 binaries/getitem.o
                0x00101379                getfirst
                0x001013d1                getlast
                0x0010142b                getitem
 .text.__x86.get_pc_thunk.dx
                0x0010148e        0x4 binaries/getitem.o
                0x0010148e                __x86.get_pc_thunk.dx
 .text          0x00101492      0x134 binaries/getmem.o
                0x00101492                getmem
 .text          0x001015c6       0x17 binaries/getpid.o
                0x001015c6                getpid
 .text          0x001015dd       0x8e binaries/getprio.o
                0x001015dd                getprio
 .text          0x0010166b      0x11b binaries/getstk.o
                0x0010166b                getstk
 .text          0x00101786       0x22 binaries/getticks.o
                0x00101786                getticks
 .text          0x001017a8       0x4c binaries/gettime.o
                0x001017a8                gettime
 .text          0x001017f4      0x21e binaries/getutime.o
                0x001017f4                getutime
 .text          0x00101a12      0x439 binaries/i386.o
                0x00101a12                setsegs
                0x00101b4c                init8259
                0x00101c10                pseg
                0x00101dd8                setirmask
 .text          0x00101e4b       0x88 binaries/init.o
                0x00101e4b                init
 .text          0x00101ed3      0x3c0 binaries/initialize.o
                0x00101ed3                nulluser
                0x0010221f                stop
                0x0010225b                delay
 .text          0x00102293      0x105 binaries/insert.o
                0x00102293                insert
 .text          0x00102398      0x13e binaries/insertd.o
                0x00102398                insertd
 .text          0x001024d6       0x14 binaries/ioerr.o
                0x001024d6                ioerr
 .text          0x001024ea       0x14 binaries/ionull.o
                0x001024ea                ionull
 .text          0x001024fe      0x1c6 binaries/kill.o
                0x001024fe                kill
 .text          0x001026c4      0x1d0 binaries/kprintf.o
                0x001026c4                kputc
                0x0010278e                kgetc
                0x00102856                kprintf
 .text          0x00102894       0xe4 binaries/main.o
                0x00102894                main
 .text          0x00102978      0x150 binaries/mark.o
                0x00102978                markinit
                0x001029af                notmarked
                0x00102a13                mark
 .text          0x00102ac8       0xe8 binaries/meminit.o
                0x00102ac8                meminit
 .text          0x00102bb0      0x17f binaries/mkbufpool.o
                0x00102bb0                mkbufpool
 .text          0x00102d2f       0xbb binaries/newqueue.o
                0x00102d2f                newqueue
 .text          0x00102dea       0x8e binaries/open.o
                0x00102dea                open
 .text          0x00102e78       0x2f binaries/panic.o
                0x00102e78                panic
 .text          0x00102ea7      0x541 binaries/pci.o
                0x00102ea7                pci_init
                0x001031c5                find_pci_device
                0x0010321d                pci_bios_read_config_byte
                0x00103269                pci_bios_read_config_word
                0x001032b8                pci_bios_read_config_dword
                0x00103304                pci_bios_write_config_byte
                0x00103352                pci_bios_write_config_word
                0x001033a0                pci_bios_write_config_dword
 .text.__x86.get_pc_thunk.si
                0x001033e8        0x4 binaries/pci.o
                0x001033e8                __x86.get_pc_thunk.si
 .text          0x001033ec      0x107 binaries/ptclear.o
                0x001033ec                _ptclear
 .text          0x001034f3       0xb1 binaries/ptcount.o
                0x001034f3                ptcount
 .text          0x001035a4      0x136 binaries/ptcreate.o
                0x001035a4                ptcreate
 .text          0x001036da       0x96 binaries/ptdelete.o
                0x001036da                ptdelete
 .text          0x00103770       0xd9 binaries/ptinit.o
                0x00103770                ptinit
 .text          0x00103849      0x137 binaries/ptrecv.o
                0x00103849                ptrecv
 .text          0x00103980       0x8b binaries/ptreset.o
                0x00103980                ptreset
 .text          0x00103a0b      0x15c binaries/ptsend.o
                0x00103a0b                ptsend
 .text          0x00103b67       0x93 binaries/putc.o
                0x00103b67                putc
 .text          0x00103bfa      0x130 binaries/queue.o
                0x00103bfa                enqueue
                0x00103cac                dequeue
 .text          0x00103d2a       0x8e binaries/read.o
                0x00103d2a                read
 .text          0x00103db8       0x8a binaries/ready.o
                0x00103db8                ready
 .text          0x00103e42       0x76 binaries/receive.o
                0x00103e42                receive
 .text          0x00103eb8       0x72 binaries/recvclr.o
                0x00103eb8                recvclr
 .text          0x00103f2a       0xd7 binaries/recvtime.o
                0x00103f2a                recvtime
 .text          0x00104001      0x1b0 binaries/resched.o
                0x00104001                resched
                0x0010412b                resched_cntl
 .text          0x001041b1       0xc6 binaries/resume.o
                0x001041b1                resume
 .text          0x00104277       0x8c binaries/seek.o
                0x00104277                seek
 .text          0x00104303       0x89 binaries/semcount.o
                0x00104303                semcount
 .text          0x0010438c      0x102 binaries/semcreate.o
                0x0010438c                semcreate
 .text          0x0010448e       0xe1 binaries/semdelete.o
                0x0010448e                semdelete
 .text          0x0010456f       0xe5 binaries/semreset.o
                0x0010456f                semreset
 .text          0x00104654       0xfd binaries/send.o
                0x00104654                send
 .text          0x00104751       0xbc binaries/signal.o
                0x00104751                signal
 .text          0x0010480d       0xea binaries/signaln.o
                0x0010480d                signaln
 .text          0x001048f7      0x112 binaries/sleep.o
                0x001048f7                sleep
                0x00104951                sleepms
 .text          0x00104a09      0x1b6 binaries/stacktrace.o
                0x00104a09                stacktrace
 .text          0x00104bbf       0xf7 binaries/suspend.o
                0x00104bbf                suspend
 .text          0x00104cb6      0x102 binaries/unsleep.o
                0x00104cb6                unsleep
 .text          0x00104db8       0x2b binaries/userret.o
                0x00104db8                userret
 .text          0x00104de3       0xf7 binaries/wait.o
                0x00104de3                wait
 .text          0x00104eda       0x9a binaries/wakeup.o
                0x00104eda                wakeup
 .text          0x00104f74       0x8e binaries/write.o
                0x00104f74                write
 .text          0x00105002       0x31 binaries/xdone.o
                0x00105002                xdone
 .text          0x00105033       0x39 binaries/yield.o
                0x00105033                yield
 .text          0x0010506c       0x1b binaries/abs.o
                0x0010506c                abs
 .text          0x00105087       0xa1 binaries/atoi.o
                0x00105087                atoi
 .text          0x00105128       0xa1 binaries/atol.o
                0x00105128                atol
 .text          0x001051c9       0x3e binaries/bzero.o
                0x001051c9                bzero
 .text          0x00105207        0x0 binaries/ctype_.o
 .text          0x00105207      0x956 binaries/doprnt.o
                0x00105207                _doprnt
 .text          0x00105b5d      0x6fa binaries/doscan.o
                0x00105b5d                _doscan
 .text.__x86.get_pc_thunk.di
                0x00106257        0x4 binaries/doscan.o
                0x00106257                __x86.get_pc_thunk.di
 .text          0x0010625b      0x777 binaries/fdoprnt.o
                0x0010625b                _fdoprnt
 .text          0x001069d2       0x3b binaries/fgetc.o
                0x001069d2                fgetc
 .text          0x00106a0d       0x86 binaries/fgets.o
                0x00106a0d                fgets
 .text          0x00106a93       0x3e binaries/fprintf.o
                0x00106a93                fprintf
 .text          0x00106ad1       0x3e binaries/fputc.o
                0x00106ad1                fputc
 .text          0x00106b0f       0x54 binaries/fputs.o
                0x00106b0f                fputs
 .text          0x00106b63       0xbc binaries/fscanf.o
                0x00106b63                fscanf
 .text          0x00106c1f       0x48 binaries/getchar.o
                0x00106c1f                getchar
 .text          0x00106c67       0x1b binaries/labs.o
                0x00106c67                labs
 .text          0x00106c82       0x5d binaries/memcmp.o
                0x00106c82                memcmp
 .text          0x00106cdf       0x49 binaries/memcpy.o
                0x00106cdf                memcpy
 .text          0x00106d28       0x3a binaries/memset.o
                0x00106d28                memset
 .text          0x00106d62       0x5f binaries/printf.o
                0x00106d62                printf
 .text          0x00106dc1       0x4b binaries/putchar.o
                0x00106dc1                putchar
 .text          0x00106e0c      0x2b3 binaries/qsort.o
                0x00106e0c                qsort
 .text          0x001070bf       0x83 binaries/rand.o
                0x001070bf                rand
                0x001070e5                rand_r
                0x00107129                srand
 .text          0x00107142       0x86 binaries/sprintf.o
                0x00107142                sprintf
 .text          0x001071c8       0x9a binaries/sscanf.o
                0x001071c8                sscanf
 .text          0x00107262       0x46 binaries/strchr.o
                0x00107262                strchr
 .text          0x001072a8       0x4f binaries/strcmp.o
                0x001072a8                strcmp
 .text          0x001072f7       0x31 binaries/strcpy.o
                0x001072f7                strcpy
 .text          0x00107328       0x32 binaries/strlen.o
                0x00107328                strlen
 .text          0x0010735a       0x62 binaries/strncat.o
                0x0010735a                strncat
 .text          0x001073bc       0x68 binaries/strncmp.o
                0x001073bc                strncmp
 .text          0x00107424       0x59 binaries/strncpy.o
                0x00107424                strncpy
 .text          0x0010747d       0x3a binaries/strnlen.o
                0x0010747d                strnlen
 .text          0x001074b7       0x51 binaries/strrchr.o
                0x001074b7                strrchr
 .text          0x00107508       0x7a binaries/strstr.o
                0x00107508                strstr
 .text          0x00107582      0x102 binaries/ttycontrol.o
                0x00107582                ttycontrol
 .text          0x00107684       0xb1 binaries/ttygetc.o
                0x00107684                ttygetc
 .text          0x00107735      0x72e binaries/ttyhandle_in.o
                0x00107735                ttyhandle_in
 .text          0x00107e63      0x1cc binaries/ttyhandle_out.o
                0x00107e63                ttyhandle_out
 .text          0x0010802f       0xe9 binaries/ttyhandler.o
                0x0010802f                ttyhandler
 .text          0x00108118      0x23f binaries/ttyinit.o
                0x00108118                ttyinit
 .text          0x00108357       0x2d binaries/ttykickout.o
                0x00108357                ttykickout
 .text          0x00108384       0xca binaries/ttyputc.o
                0x00108384                ttyputc
 .text          0x0010844e      0x12d binaries/ttyread.o
                0x0010844e                ttyread
 .text          0x0010857b       0x5e binaries/ttywrite.o
                0x0010857b                ttywrite
 .text          0x001085d9      0x1a2 binaries/mount.o
                0x001085d9                mount
                0x00108739                namlen
 .text          0x0010877b      0x23b binaries/naminit.o
                0x0010877b                naminit
 .text          0x001089b6      0x249 binaries/nammap.o
                0x001089b6                nammap
                0x00108a55                namrepl
                0x00108ba3                namcpy
 .text          0x00108bff       0x5f binaries/namopen.o
                0x00108bff                namopen
 .text          0x00108c5e      0xf39 binaries/82545EMInit.o
                0x00108cdf                _82545EMInit
                0x001099e9                _82545EM_read_phy_reg
                0x00109abc                _82545EM_write_phy_reg
 .text          0x00109b97      0x293 binaries/ethcontrol.o
                0x00109c18                ethcontrol
                0x00109da3                ethIrqDisable
                0x00109de5                ethIrqEnable
 .text          0x00109e2a      0x29f binaries/ethhandler.o
                0x00109fd1                ethhandler
 .text          0x0010a0c9      0x140 binaries/ethinit.o
                0x0010a0c9                ethinit
 .text          0x0010a209      0x22d binaries/ethread.o
                0x0010a28a                ethread
 .text          0x0010a436      0x1d5 binaries/ethwrite.o
                0x0010a4b7                ethwrite
 .text          0x0010a60b       0xc8 binaries/rdsars.o
                0x0010a60b                rdsars
 .text          0x0010a6d3      0x2f3 binaries/rdscomm.o
                0x0010a6d3                rdscomm
 .text          0x0010a9c6      0x34c binaries/rdscontrol.o
                0x0010a9c6                rdscontrol
 .text          0x0010ad12       0x61 binaries/rdsinit.o
                0x0010ad12                rdsinit
 .text          0x0010ad73      0x3e1 binaries/rdsopen.o
                0x0010ad73                rdsopen
 .text          0x0010b154      0x572 binaries/rdsprocess.o
                0x0010b154                rdsprocess
 .text          0x0010b6c6      0x66e binaries/rdsqfcns.o
                0x0010b6c6                rdqadd
                0x0010b727                rdqfree
                0x0010b7d5                rdcget
                0x0010b83a                rdcadd
                0x0010b970                rdqdump
                0x0010bb7b                rdcdump
 .text          0x0010bd34       0xe5 binaries/rdsread.o
                0x0010bd34                rdsread
 .text          0x0010be19       0xe5 binaries/rdswrite.o
                0x0010be19                rdswrite
 .text          0x0010befe       0x14 binaries/ramclose.o
                0x0010befe                ramclose
 .text          0x0010bf12       0x57 binaries/raminit.o
                0x0010bf12                raminit
 .text          0x0010bf69       0x14 binaries/ramopen.o
                0x0010bf69                ramopen
 .text          0x0010bf7d       0x49 binaries/ramread.o
                0x0010bf7d                ramread
 .text          0x0010bfc6       0x49 binaries/ramwrite.o
                0x0010bfc6                ramwrite
 .text          0x0010c00f       0xc6 binaries/lfdballoc.o
                0x0010c00f                lfdballoc
 .text          0x0010c0d5       0x6e binaries/lfdbfree.o
                0x0010c0d5                lfdbfree
 .text          0x0010c143       0xe2 binaries/lfflush.o
                0x0010c143                lfflush
 .text          0x0010c225       0xeb binaries/lfgetmode.o
                0x0010c225                lfgetmode
 .text          0x0010c310       0x94 binaries/lfiballoc.o
                0x0010c310                lfiballoc
 .text          0x0010c3a4       0x47 binaries/lfibclear.o
                0x0010c3a4                lfibclear
 .text          0x0010c3eb       0xbe binaries/lfibget.o
                0x0010c3eb                lfibget
 .text          0x0010c4a9       0xed binaries/lfibput.o
                0x0010c4a9                lfibput
 .text          0x0010c596       0xbd binaries/lflclose.o
                0x0010c596                lflclose
 .text          0x0010c653       0xef binaries/lflcontrol.o
                0x0010c653                lflcontrol
 .text          0x0010c742      0x105 binaries/lflgetc.o
                0x0010c742                lflgetc
 .text          0x0010c847      0x102 binaries/lflinit.o
                0x0010c847                lflinit
 .text          0x0010c949      0x13b binaries/lflputc.o
                0x0010c949                lflputc
 .text          0x0010ca84       0x81 binaries/lflread.o
                0x0010ca84                lflread
 .text          0x0010cb05       0xc0 binaries/lflseek.o
                0x0010cb05                lflseek
 .text          0x0010cbc5       0x66 binaries/lflwrite.o
                0x0010cbc5                lflwrite
 .text          0x0010cc2b       0x6e binaries/lfscheck.o
                0x0010cc2b                lfscheck
 .text          0x0010cc99      0x192 binaries/lfsckfmt.o
                0x0010cc99                lfsckfmt
 .text          0x0010ce2b      0x219 binaries/lfscreate.o
                0x0010ce2b                lfscreate
 .text          0x0010d044      0x2a5 binaries/lfsetup.o
                0x0010d044                lfsetup
 .text          0x0010d2e9       0x67 binaries/lfsinit.o
                0x0010d2e9                lfsinit
 .text          0x0010d350      0x44d binaries/lfsopen.o
                0x0010d350                lfsopen
 .text          0x0010d79d      0x18c binaries/lftruncate.o
                0x0010d79d                lftruncate
 .text          0x0010d929      0x1ec binaries/rflclose.o
                0x0010d929                rflclose
 .text          0x0010db15       0x69 binaries/rflgetc.o
                0x0010db15                rflgetc
 .text          0x0010db7e       0x88 binaries/rflinit.o
                0x0010db7e                rflinit
 .text          0x0010dc06       0x45 binaries/rflputc.o
                0x0010dc06                rflputc
 .text          0x0010dc4b      0x3d9 binaries/rflread.o
                0x0010dc4b                rflread
 .text          0x0010e024       0x94 binaries/rflseek.o
                0x0010e024                rflseek
 .text          0x0010e0b8      0x383 binaries/rflwrite.o
                0x0010e0b8                rflwrite
 .text          0x0010e43b      0x274 binaries/rfscomm.o
                0x0010e43b                rfscomm
 .text          0x0010e6af      0x2b0 binaries/rfscontrol.o
                0x0010e6af                rfscontrol
 .text          0x0010e95f       0xeb binaries/rfsgetmode.o
                0x0010e95f                rfsgetmode
 .text          0x0010ea4a       0x7b binaries/rfsinit.o
                0x0010ea4a                rfsinit
 .text          0x0010eac5      0x11f binaries/rfsndmsg.o
                0x0010eac5                rfsndmsg
 .text          0x0010ebe4      0x2e5 binaries/rfsopen.o
                0x0010ebe4                rfsopen
 .text          0x0010eec9      0x10a binaries/pipe_close.o
                0x0010eec9                pipe_close
 .text          0x0010efd3      0x134 binaries/pipe_getc.o
                0x0010efd3                pipe_getc
 .text          0x0010f107       0x48 binaries/pipe_init.o
                0x0010f107                pipe_init
 .text          0x0010f14f       0xb0 binaries/pipe_open.o
                0x0010f14f                pipe_open
 .text          0x0010f1ff       0xc1 binaries/pipe_putc.o
                0x0010f1ff                pipe_putc
 .text          0x0010f2c0       0x79 binaries/pipe_read.o
                0x0010f2c0                pipe_read
 .text          0x0010f339       0x76 binaries/pipe_write.o
                0x0010f339                pipe_write
 .text          0x0010f3af      0x8ce binaries/arp.o
                0x0010f3af                arp_init
                0x0010f3f6                arp_resolve
                0x0010f6e5                arp_in
                0x0010f9c9                arp_alloc
                0x0010faad                arp_ntoh
                0x0010fb95                arp_hton
 .text          0x0010fc7d      0x99b binaries/dhcp.o
                0x0010fc7d                dhcp_get_opt_val
                0x0010fce2                dhcp_bld_bootp_msg
                0x0010fe0b                dhcp_bld_disc
                0x0010ff0e                dhcp_bld_req
                0x0011008d                getlocalip
 .text          0x00110618      0x6d7 binaries/dns.o
                0x00110618                dnslookup
 .text          0x00110cef       0xf0 binaries/dot2ip.o
                0x00110cef                dot2ip
 .text          0x00110ddf      0x52c binaries/hexdump.o
                0x00110ddf                hexdump
                0x00110faf                hexadump
 .text          0x0011130b      0x97b binaries/icmp.o
                0x0011130b                icmp_init
                0x00111351                icmp_in
                0x00111577                icmp_register
                0x00111683                icmp_recv
                0x00111823                icmp_send
                0x001118be                icmp_mkpkt
                0x001119f8                icmp_release
                0x00111b07                icmp_cksum
                0x00111ba6                icmp_hton
                0x00111c16                icmp_ntoh
 .text          0x00111c86      0x93e binaries/ip.o
                0x00111c86                ip_in
                0x00111e1b                ip_send
                0x00111f9f                ip_local
                0x00112002                ip_out
                0x00112142                ipcksum
                0x001121d4                ip_ntoh
                0x001122bc                ip_hton
                0x001123a4                ipout
                0x001124fb                ip_enqueue
 .text          0x001125c4      0x326 binaries/net.o
                0x001125c4                net_init
                0x0011271b                netin
                0x001127ec                eth_hton
                0x0011281c                eth_ntoh
                0x0011284c                getport
 .text          0x001128ea     0x15cf binaries/pdump.o
                0x001128ea                pdump
                0x00113761                pdumph
 .text          0x00113eb9      0x65d binaries/tftp.o
                0x00113eb9                tftp_send1
                0x0011404e                tftpget
                0x0011408c                tftpget_mb
 .text          0x00114516      0xc0d binaries/udp.o
                0x00114516                udp_init
                0x0011455c                udp_in
                0x001146b1                udp_register
                0x00114803                udp_recv
                0x001149b4                udp_recvaddr
                0x00114b7d                udp_send
                0x00114d75                udp_sendto
                0x00114f35                udp_release
                0x00115043                udp_ntoh
                0x001150b3                udp_hton
 .text          0x00115123      0x19b binaries/addargs.o
                0x00115123                addargs
 .text          0x001152be      0x32d binaries/lexan.o
                0x001152be                lexan
 .text          0x001155eb      0x9d6 binaries/shell.o
                0x001155eb                cmdlookup
                0x00115660                shell
 .text          0x00115fc1       0x80 binaries/xsh_argecho.o
                0x00115fc1                xsh_argecho
 .text          0x00116041      0x2d0 binaries/xsh_arp.o
                0x00116041                xsh_arp
 .text          0x00116311      0x2ae binaries/xsh_cat.o
                0x00116311                xsh_cat
 .text          0x001165bf       0x7a binaries/xsh_clear.o
                0x001165bf                xsh_clear
 .text          0x00116639      0x354 binaries/xsh_date.o
                0x00116639                xsh_date
 .text          0x0011698d       0xcd binaries/xsh_devdump.o
                0x0011698d                xsh_devdump
 .text          0x00116a5a       0x89 binaries/xsh_echo.o
                0x00116a5a                xsh_echo
 .text          0x00116ae3       0x14 binaries/xsh_exit.o
                0x00116ae3                xsh_exit
 .text          0x00116af7      0x20d binaries/xsh_hello.o
                0x00116af7                xsh_hello
                0x00116bcc                prod2
                0x00116c3f                cons2
                0x00116cbe                sndA
                0x00116ce1                sndB
 .text          0x00116d04      0x3b0 binaries/xsh_help.o
                0x00116d04                xsh_help
 .text          0x001170b4      0x287 binaries/xsh_kill.o
                0x001170b4                xsh_kill
 .text          0x0011733b      0x5cb binaries/xsh_ls.o
                0x0011733b                xsh_ls
 .text          0x00117906      0x5af binaries/xsh_memdump.o
                0x00117906                xsh_memdump
 .text          0x00117eb5      0x31c binaries/xsh_memstat.o
                0x00117eb5                xsh_memstat
 .text          0x001181d1      0x60d binaries/xsh_netinfo.o
                0x001181d1                xsh_netinfo
 .text          0x001187de      0x669 binaries/xsh_ns.o
                0x001187de                xsh_ns
 .text          0x00118e47      0x41a binaries/xsh_ping.o
                0x00118e47                xsh_ping
 .text          0x00119261      0x27c binaries/xsh_ps.o
                0x00119261                xsh_ps
 .text          0x001194dd      0x265 binaries/xsh_sleep.o
                0x001194dd                xsh_sleep
 .text          0x00119742      0x2a4 binaries/xsh_tee.o
                0x00119742                xsh_tee
 .text          0x001199e6      0x2d8 binaries/xsh_udpdump.o
                0x001199e6                xsh_udpdump
 .text          0x00119cbe      0x606 binaries/xsh_udpecho.o
                0x00119cbe                xsh_udpecho
 .text          0x0011a2c4      0x2fb binaries/xsh_udpserver.o
                0x0011a2c4                xsh_udpeserver
 .text          0x0011a5bf      0x230 binaries/xsh_uptime.o
                0x0011a5bf                xsh_uptime
 .text          0x0011a7ef        0xe binaries/clkdisp.o
                0x0011a7ef                clkdisp
 .text          0x0011a7fd       0x19 binaries/ctxsw.o
                0x0011a7fd                ctxsw
 .text          0x0011a816      0x368 binaries/intr.o
                0x0011a816                disable
                0x0011a81f                restore
                0x0011a82d                enable
                0x0011a82f                pause
                0x0011a836                halt
                0x0011a839                spurious_irq7
                0x0011a83e                spurious_irq15
                0x0011a84d                _Xint0
                0x0011a858                _Xint1
                0x0011a863                _Xint2
                0x0011a86e                _Xint3
                0x0011a879                _Xint4
                0x0011a884                _Xint5
                0x0011a88f                _Xint6
                0x0011a89a                _Xint7
                0x0011a8a5                _Xint8
                0x0011a8b0                _Xint9
                0x0011a8bb                _Xint10
                0x0011a8c6                _Xint11
                0x0011a8d4                _Xint12
                0x0011a8e2                _Xint13
                0x0011a8f0                _Xint14
                0x0011a8fe                _Xint15
                0x0011a90c                _Xint16
                0x0011a91a                _Xint17
                0x0011a928                _Xint18
                0x0011a936                _Xint19
                0x0011a944                _Xint20
                0x0011a952                _Xint21
                0x0011a960                _Xint22
                0x0011a96e                _Xint23
                0x0011a97c                _Xint24
                0x0011a98a                _Xint25
                0x0011a998                _Xint26
                0x0011a9a6                _Xint27
                0x0011a9b4                _Xint28
                0x0011a9c2                _Xint29
                0x0011a9d0                _Xint30
                0x0011a9de                _Xint31
                0x0011a9ec                _Xint32
                0x0011a9fa                _Xint33
                0x0011aa08                _Xint34
                0x0011aa16                _Xint35
                0x0011aa24                _Xint36
                0x0011aa32                _Xint37
                0x0011aa40                _Xint38
                0x0011aa4e                _Xint39
                0x0011aa5c                _Xint40
                0x0011aa6a                _Xint41
                0x0011aa78                _Xint42
                0x0011aa86                _Xint43
                0x0011aa94                _Xint44
                0x0011aaa2                _Xint45
                0x0011aab0                _Xint46
                0x0011aabe                defevec
 .text          0x0011ab7e        0xf binaries/ttydispatch.o
                0x0011ab7e                ttydispatch
 .text          0x0011ab8d       0x13 binaries/ethdispatch.o
                0x0011ab8d                ethdispatch
 *(.rodata .rodata.*)
 .rodata        0x0011aba0       0x8e binaries/ascdate.o
 .rodata        0x0011ac2e       0xe8 binaries/conf.o
 *fill*         0x0011ad16        0x2 
 .rodata        0x0011ad18      0x22f binaries/evec.o
 *fill*         0x0011af47        0x1 
 .rodata        0x0011af48       0x61 binaries/getutime.o
 *fill*         0x0011afa9        0x3 
 .rodata        0x0011afac       0x90 binaries/i386.o
 .rodata        0x0011b03c      0x136 binaries/initialize.o
 *fill*         0x0011b172        0x2 
 .rodata        0x0011b174       0x20 binaries/kill.o
 .rodata        0x0011b194       0x2e binaries/main.o
 .rodata        0x0011b1c2        0xf binaries/panic.o
 *fill*         0x0011b1d1        0x3 
 .rodata        0x0011b1d4      0x1ec binaries/pci.o
 .rodata        0x0011b3c0       0x1d binaries/ptinit.o
 *fill*         0x0011b3dd        0x3 
 .rodata        0x0011b3e0       0x25 binaries/ptsend.o
 *fill*         0x0011b405        0x3 
 .rodata        0x0011b408       0xb7 binaries/stacktrace.o
 *fill*         0x0011b4bf        0x1 
 .rodata        0x0011b4c0       0x27 binaries/xdone.o
 *fill*         0x0011b4e7       0x19 
 .rodata        0x0011b500       0x81 binaries/ctype_.o
                0x0011b500                _ctype_
 *fill*         0x0011b581        0x3 
 .rodata        0x0011b584       0xee binaries/doprnt.o
 *fill*         0x0011b672        0x2 
 .rodata        0x0011b674       0xae binaries/fdoprnt.o
 *fill*         0x0011b722        0x2 
 .rodata        0x0011b724       0x20 binaries/ttycontrol.o
 .rodata        0x0011b744       0x34 binaries/ttyhandler.o
 .rodata        0x0011b778       0x14 binaries/mount.o
 .rodata        0x0011b78c       0x82 binaries/naminit.o
 *fill*         0x0011b80e        0x2 
 .rodata        0x0011b810       0x2e binaries/82545EMInit.o
 *fill*         0x0011b83e        0x2 
 .rodata        0x0011b840       0x78 binaries/ethinit.o
 .rodata        0x0011b8b8       0x18 binaries/ethread.o
 .rodata        0x0011b8d0       0x76 binaries/rdscomm.o
 *fill*         0x0011b946        0x2 
 .rodata        0x0011b948       0x89 binaries/rdscontrol.o
 *fill*         0x0011b9d1        0x3 
 .rodata        0x0011b9d4       0xcf binaries/rdsopen.o
 *fill*         0x0011baa3        0x1 
 .rodata        0x0011baa4       0x40 binaries/rdsprocess.o
 .rodata        0x0011bae4       0xe2 binaries/rdsqfcns.o
 .rodata        0x0011bbc6        0x9 binaries/raminit.o
 *fill*         0x0011bbcf        0x1 
 .rodata        0x0011bbd0       0x36 binaries/lfdballoc.o
 .rodata        0x0011bc06       0x14 binaries/lfiballoc.o
 *fill*         0x0011bc1a        0x2 
 .rodata        0x0011bc1c       0x22 binaries/lflcontrol.o
 *fill*         0x0011bc3e        0x2 
 .rodata        0x0011bc40      0x118 binaries/lfsckfmt.o
 .rodata        0x0011bd58       0x66 binaries/lfsopen.o
 *fill*         0x0011bdbe        0x2 
 .rodata        0x0011bdc0       0x22 binaries/rflclose.o
 *fill*         0x0011bde2        0x2 
 .rodata        0x0011bde4       0x21 binaries/rflread.o
 *fill*         0x0011be05        0x3 
 .rodata        0x0011be08       0x21 binaries/rflwrite.o
 *fill*         0x0011be29        0x3 
 .rodata        0x0011be2c       0xa1 binaries/rfscomm.o
 *fill*         0x0011becd        0x3 
 .rodata        0x0011bed0       0x3c binaries/rfscontrol.o
 .rodata        0x0011bf0c       0x2b binaries/rfsinit.o
 *fill*         0x0011bf37        0x1 
 .rodata        0x0011bf38       0x2a binaries/rfsndmsg.o
 *fill*         0x0011bf62        0x2 
 .rodata        0x0011bf64       0x21 binaries/rfsopen.o
 *fill*         0x0011bf85        0x3 
 .rodata        0x0011bf88       0x3a binaries/arp.o
 *fill*         0x0011bfc2        0x2 
 .rodata        0x0011bfc4       0xcf binaries/dhcp.o
 .rodata        0x0011c093       0x24 binaries/dns.o
 *fill*         0x0011c0b7        0x1 
 .rodata        0x0011c0b8       0xc9 binaries/hexdump.o
 *fill*         0x0011c181        0x3 
 .rodata        0x0011c184       0x29 binaries/icmp.o
 *fill*         0x0011c1ad        0x3 
 .rodata        0x0011c1b0       0x52 binaries/ip.o
 *fill*         0x0011c202        0x2 
 .rodata        0x0011c204       0x4f binaries/net.o
 *fill*         0x0011c253        0x1 
 .rodata        0x0011c254      0x26f binaries/pdump.o
 *fill*         0x0011c4c3        0x1 
 .rodata        0x0011c4c4      0x154 binaries/tftp.o
 .rodata        0x0011c618      0x2bf binaries/shell.o
 .rodata        0x0011c8d7       0x28 binaries/xsh_argecho.o
 *fill*         0x0011c8ff        0x1 
 .rodata        0x0011c900      0x123 binaries/xsh_arp.o
 *fill*         0x0011ca23        0x1 
 .rodata        0x0011ca24       0xc9 binaries/xsh_cat.o
 .rodata        0x0011caed       0x19 binaries/xsh_clear.o
 *fill*         0x0011cb06        0x2 
 .rodata        0x0011cb08      0x1c3 binaries/xsh_date.o
 .rodata        0x0011cccb       0x5d binaries/xsh_devdump.o
 .rodata        0x0011cd28        0x9 binaries/xsh_echo.o
 .rodata        0x0011cd31       0x50 binaries/xsh_hello.o
 *fill*         0x0011cd81        0x3 
 .rodata        0x0011cd84      0x169 binaries/xsh_help.o
 *fill*         0x0011ceed        0x3 
 .rodata        0x0011cef0      0x12e binaries/xsh_kill.o
 *fill*         0x0011d01e        0x2 
 .rodata        0x0011d020      0x190 binaries/xsh_ls.o
 .rodata        0x0011d1b0      0x266 binaries/xsh_memdump.o
 *fill*         0x0011d416        0x2 
 .rodata        0x0011d418      0x225 binaries/xsh_memstat.o
 *fill*         0x0011d63d        0x3 
 .rodata        0x0011d640      0x1b0 binaries/xsh_netinfo.o
 .rodata        0x0011d7f0      0x301 binaries/xsh_ns.o
 *fill*         0x0011daf1        0x3 
 .rodata        0x0011daf4      0x19d binaries/xsh_ping.o
 *fill*         0x0011dc91        0x3 
 .rodata        0x0011dc94      0x1a8 binaries/xsh_ps.o
 .rodata        0x0011de3c       0xeb binaries/xsh_sleep.o
 *fill*         0x0011df27        0x1 
 .rodata        0x0011df28       0x94 binaries/xsh_tee.o
 .rodata        0x0011dfbc      0x1b8 binaries/xsh_udpdump.o
 .rodata        0x0011e174      0x27d binaries/xsh_udpecho.o
 *fill*         0x0011e3f1        0x3 
 .rodata        0x0011e3f4      0x12b binaries/xsh_udpserver.o
 *fill*         0x0011e51f        0x1 
 .rodata        0x0011e520      0x105 binaries/xsh_uptime.o
                0x0011e625                        etext = ABSOLUTE (.)
                0x0011f000                        . = ALIGN (0x1000)
 *fill*         0x0011e625      0x9db 

.eh_frame       0x0011f000     0x3758
 .eh_frame      0x0011f000       0x54 binaries/ascdate.o
 .eh_frame      0x0011f054       0x34 binaries/bufinit.o
                                 0x4c (size before relaxing)
 .eh_frame      0x0011f088       0x3c binaries/chprio.o
                                 0x54 (size before relaxing)
 .eh_frame      0x0011f0c4       0x24 binaries/clkhandler.o
                                 0x50 (size before relaxing)
 .eh_frame      0x0011f0e8       0x28 binaries/clkinit.o
                                 0x54 (size before relaxing)
 .eh_frame      0x0011f110       0x28 binaries/close.o
                                 0x54 (size before relaxing)
 .eh_frame      0x0011f138       0x28 binaries/control.o
                                 0x54 (size before relaxing)
 .eh_frame      0x0011f160       0x4c binaries/create.o
                                 0x8c (size before relaxing)
 .eh_frame      0x0011f1ac       0x74 binaries/evec.o
                                 0xb4 (size before relaxing)
 .eh_frame      0x0011f220       0x24 binaries/exit.o
                                 0x50 (size before relaxing)
 .eh_frame      0x0011f244       0x28 binaries/freebuf.o
                                 0x54 (size before relaxing)
 .eh_frame      0x0011f26c       0x28 binaries/freemem.o
                                 0x54 (size before relaxing)
 .eh_frame      0x0011f294       0x28 binaries/getbuf.o
                                 0x54 (size before relaxing)
 .eh_frame      0x0011f2bc       0x28 binaries/getc.o
                                 0x54 (size before relaxing)
 .eh_frame      0x0011f2e4       0x28 binaries/getdev.o
                                 0x54 (size before relaxing)
 .eh_frame      0x0011f30c       0x80 binaries/getitem.o
                                 0xac (size before relaxing)
 .eh_frame      0x0011f38c       0x28 binaries/getmem.o
                                 0x54 (size before relaxing)
 .eh_frame      0x0011f3b4       0x20 binaries/getpid.o
                                 0x4c (size before relaxing)
 .eh_frame      0x0011f3d4       0x28 binaries/getprio.o
                                 0x54 (size before relaxing)
 .eh_frame      0x0011f3fc       0x28 binaries/getstk.o
                                 0x54 (size before relaxing)
 .eh_frame      0x0011f424       0x20 binaries/getticks.o
                                 0x4c (size before relaxing)
 .eh_frame      0x0011f444       0x28 binaries/gettime.o
                                 0x54 (size before relaxing)
 .eh_frame      0x0011f46c       0x28 binaries/getutime.o
                                 0x54 (size before relaxing)
 .eh_frame      0x0011f494       0xa8 binaries/i386.o
                                 0xd4 (size before relaxing)
 .eh_frame      0x0011f53c       0x28 binaries/init.o
                                 0x54 (size before relaxing)
 .eh_frame      0x0011f564       0xac binaries/initialize.o
                                 0xec (size before relaxing)
 .eh_frame      0x0011f610       0x24 binaries/insert.o
                                 0x50 (size before relaxing)
 .eh_frame      0x0011f634       0x28 binaries/insertd.o
                                 0x54 (size before relaxing)
 .eh_frame      0x0011f65c       0x20 binaries/ioerr.o
                                 0x4c (size before relaxing)
 .eh_frame      0x0011f67c       0x20 binaries/ionull.o
                                 0x4c (size before relaxing)
 .eh_frame      0x0011f69c       0x2c binaries/kill.o
                                 0x58 (size before relaxing)
 .eh_frame      0x0011f6c8       0x74 binaries/kprintf.o
                                 0xb4 (size before relaxing)
 .eh_frame      0x0011f73c       0x28 binaries/main.o
                                 0x54 (size before relaxing)
 .eh_frame      0x0011f764       0x74 binaries/mark.o
                                 0xa0 (size before relaxing)
 .eh_frame      0x0011f7d8       0x24 binaries/meminit.o
                                 0x50 (size before relaxing)
 .eh_frame      0x0011f7fc       0x28 binaries/mkbufpool.o
                                 0x54 (size before relaxing)
 .eh_frame      0x0011f824       0x24 binaries/newqueue.o
                                 0x50 (size before relaxing)
 .eh_frame      0x0011f848       0x28 binaries/open.o
                                 0x54 (size before relaxing)
 .eh_frame      0x0011f870       0x1c binaries/panic.o
                                 0x48 (size before relaxing)
 .eh_frame      0x0011f88c      0x1f0 binaries/pci.o
                                0x244 (size before relaxing)
 .eh_frame      0x0011fa7c       0x28 binaries/ptclear.o
                                 0x54 (size before relaxing)
 .eh_frame      0x0011faa4       0x28 binaries/ptcount.o
                                 0x54 (size before relaxing)
 .eh_frame      0x0011facc       0x28 binaries/ptcreate.o
                                 0x54 (size before relaxing)
 .eh_frame      0x0011faf4       0x28 binaries/ptdelete.o
                                 0x54 (size before relaxing)
 .eh_frame      0x0011fb1c       0x28 binaries/ptinit.o
                                 0x54 (size before relaxing)
 .eh_frame      0x0011fb44       0x28 binaries/ptrecv.o
                                 0x54 (size before relaxing)
 .eh_frame      0x0011fb6c       0x28 binaries/ptreset.o
                                 0x54 (size before relaxing)
 .eh_frame      0x0011fb94       0x28 binaries/ptsend.o
                                 0x54 (size before relaxing)
 .eh_frame      0x0011fbbc       0x28 binaries/putc.o
                                 0x54 (size before relaxing)
 .eh_frame      0x0011fbe4       0x4c binaries/queue.o
                                 0x8c (size before relaxing)
 .eh_frame      0x0011fc30       0x28 binaries/read.o
                                 0x54 (size before relaxing)
 .eh_frame      0x0011fc58       0x28 binaries/ready.o
                                 0x54 (size before relaxing)
 .eh_frame      0x0011fc80       0x28 binaries/receive.o
                                 0x54 (size before relaxing)
 .eh_frame      0x0011fca8       0x28 binaries/recvclr.o
                                 0x54 (size before relaxing)
 .eh_frame      0x0011fcd0       0x28 binaries/recvtime.o
                                 0x54 (size before relaxing)
 .eh_frame      0x0011fcf8       0x4c binaries/resched.o
                                 0x8c (size before relaxing)
 .eh_frame      0x0011fd44       0x28 binaries/resume.o
                                 0x54 (size before relaxing)
 .eh_frame      0x0011fd6c       0x28 binaries/seek.o
                                 0x54 (size before relaxing)
 .eh_frame      0x0011fd94       0x28 binaries/semcount.o
                                 0x54 (size before relaxing)
 .eh_frame      0x0011fdbc       0x4c binaries/semcreate.o
                                 0x8c (size before relaxing)
 .eh_frame      0x0011fe08       0x28 binaries/semdelete.o
                                 0x54 (size before relaxing)
 .eh_frame      0x0011fe30       0x28 binaries/semreset.o
                                 0x54 (size before relaxing)
 .eh_frame      0x0011fe58       0x28 binaries/send.o
                                 0x54 (size before relaxing)
 .eh_frame      0x0011fe80       0x28 binaries/signal.o
                                 0x54 (size before relaxing)
 .eh_frame      0x0011fea8       0x28 binaries/signaln.o
                                 0x54 (size before relaxing)
 .eh_frame      0x0011fed0       0x4c binaries/sleep.o
                                 0x8c (size before relaxing)
 .eh_frame      0x0011ff1c       0x28 binaries/stacktrace.o
                                 0x54 (size before relaxing)
 .eh_frame      0x0011ff44       0x28 binaries/suspend.o
                                 0x54 (size before relaxing)
 .eh_frame      0x0011ff6c       0x28 binaries/unsleep.o
                                 0x54 (size before relaxing)
 .eh_frame      0x0011ff94       0x24 binaries/userret.o
                                 0x50 (size before relaxing)
 .eh_frame      0x0011ffb8       0x28 binaries/wait.o
                                 0x54 (size before relaxing)
 .eh_frame      0x0011ffe0       0x28 binaries/wakeup.o
                                 0x54 (size before relaxing)
 .eh_frame      0x00120008       0x28 binaries/write.o
                                 0x54 (size before relaxing)
 .eh_frame      0x00120030       0x24 binaries/xdone.o
                                 0x50 (size before relaxing)
 .eh_frame      0x00120054       0x24 binaries/yield.o
                                 0x50 (size before relaxing)
 .eh_frame      0x00120078       0x20 binaries/abs.o
                                 0x4c (size before relaxing)
 .eh_frame      0x00120098       0x24 binaries/atoi.o
                                 0x50 (size before relaxing)
 .eh_frame      0x001200bc       0x24 binaries/atol.o
                                 0x50 (size before relaxing)
 .eh_frame      0x001200e0       0x20 binaries/bzero.o
                                 0x4c (size before relaxing)
 .eh_frame      0x00120100      0x100 binaries/doprnt.o
                                0x154 (size before relaxing)
 .eh_frame      0x00120200       0xc8 binaries/doscan.o
                                 0xf4 (size before relaxing)
 .eh_frame      0x001202c8       0xdc binaries/fdoprnt.o
                                0x11c (size before relaxing)
 .eh_frame      0x001203a4       0x24 binaries/fgetc.o
                                 0x50 (size before relaxing)
 .eh_frame      0x001203c8       0x28 binaries/fgets.o
                                 0x54 (size before relaxing)
 .eh_frame      0x001203f0       0x24 binaries/fprintf.o
                                 0x50 (size before relaxing)
 .eh_frame      0x00120414       0x24 binaries/fputc.o
                                 0x50 (size before relaxing)
 .eh_frame      0x00120438       0x28 binaries/fputs.o
                                 0x54 (size before relaxing)
 .eh_frame      0x00120460       0x6c binaries/fscanf.o
                                 0x98 (size before relaxing)
 .eh_frame      0x001204cc       0x24 binaries/getchar.o
                                 0x50 (size before relaxing)
 .eh_frame      0x001204f0       0x20 binaries/labs.o
                                 0x4c (size before relaxing)
 .eh_frame      0x00120510       0x24 binaries/memcmp.o
                                 0x50 (size before relaxing)
 .eh_frame      0x00120534       0x24 binaries/memcpy.o
                                 0x50 (size before relaxing)
 .eh_frame      0x00120558       0x24 binaries/memset.o
                                 0x50 (size before relaxing)
 .eh_frame      0x0012057c       0x28 binaries/printf.o
                                 0x54 (size before relaxing)
 .eh_frame      0x001205a4       0x28 binaries/putchar.o
                                 0x54 (size before relaxing)
 .eh_frame      0x001205cc       0xa4 binaries/qsort.o
                                 0xd0 (size before relaxing)
 .eh_frame      0x00120670       0x60 binaries/rand.o
                                 0x8c (size before relaxing)
 .eh_frame      0x001206d0       0x48 binaries/sprintf.o
                                 0x74 (size before relaxing)
 .eh_frame      0x00120718       0x64 binaries/sscanf.o
                                 0x90 (size before relaxing)
 .eh_frame      0x0012077c       0x20 binaries/strchr.o
                                 0x4c (size before relaxing)
 .eh_frame      0x0012079c       0x20 binaries/strcmp.o
                                 0x4c (size before relaxing)
 .eh_frame      0x001207bc       0x20 binaries/strcpy.o
                                 0x4c (size before relaxing)
 .eh_frame      0x001207dc       0x20 binaries/strlen.o
                                 0x4c (size before relaxing)
 .eh_frame      0x001207fc       0x24 binaries/strncat.o
                                 0x50 (size before relaxing)
 .eh_frame      0x00120820       0x20 binaries/strncmp.o
                                 0x4c (size before relaxing)
 .eh_frame      0x00120840       0x28 binaries/strncpy.o
                                 0x54 (size before relaxing)
 .eh_frame      0x00120868       0x20 binaries/strnlen.o
                                 0x4c (size before relaxing)
 .eh_frame      0x00120888       0x24 binaries/strrchr.o
                                 0x50 (size before relaxing)
 .eh_frame      0x001208ac       0x24 binaries/strstr.o
                                 0x50 (size before relaxing)
 .eh_frame      0x001208d0       0x28 binaries/ttycontrol.o
                                 0x54 (size before relaxing)
 .eh_frame      0x001208f8       0x28 binaries/ttygetc.o
                                 0x54 (size before relaxing)
 .eh_frame      0x00120920       0x98 binaries/ttyhandle_in.o
                                 0xec (size before relaxing)
 .eh_frame      0x001209b8       0x28 binaries/ttyhandle_out.o
                                 0x54 (size before relaxing)
 .eh_frame      0x001209e0       0x28 binaries/ttyhandler.o
                                 0x54 (size before relaxing)
 .eh_frame      0x00120a08       0x28 binaries/ttyinit.o
                                 0x54 (size before relaxing)
 .eh_frame      0x00120a30       0x24 binaries/ttykickout.o
                                 0x50 (size before relaxing)
 .eh_frame      0x00120a54       0x28 binaries/ttyputc.o
                                 0x54 (size before relaxing)
 .eh_frame      0x00120a7c       0x28 binaries/ttyread.o
                                 0x54 (size before relaxing)
 .eh_frame      0x00120aa4       0x28 binaries/ttywrite.o
                                 0x54 (size before relaxing)
 .eh_frame      0x00120acc       0x48 binaries/mount.o
                                 0x88 (size before relaxing)
 .eh_frame      0x00120b14       0x28 binaries/naminit.o
                                 0x54 (size before relaxing)
 .eh_frame      0x00120b3c       0x74 binaries/nammap.o
                                 0xb4 (size before relaxing)
 .eh_frame      0x00120bb0       0x28 binaries/namopen.o
                                 0x54 (size before relaxing)
 .eh_frame      0x00120bd8      0x168 binaries/82545EMInit.o
                                0x1a8 (size before relaxing)
 .eh_frame      0x00120d40       0xb4 binaries/ethcontrol.o
                                0x108 (size before relaxing)
 .eh_frame      0x00120df4       0x9c binaries/ethhandler.o
                                 0xdc (size before relaxing)
 .eh_frame      0x00120e90       0x28 binaries/ethinit.o
                                 0x54 (size before relaxing)
 .eh_frame      0x00120eb8       0x70 binaries/ethread.o
                                 0x9c (size before relaxing)
 .eh_frame      0x00120f28       0x70 binaries/ethwrite.o
                                 0x9c (size before relaxing)
 .eh_frame      0x00120f98       0x28 binaries/rdsars.o
                                 0x54 (size before relaxing)
 .eh_frame      0x00120fc0       0x28 binaries/rdscomm.o
                                 0x54 (size before relaxing)
 .eh_frame      0x00120fe8       0x28 binaries/rdscontrol.o
                                 0x54 (size before relaxing)
 .eh_frame      0x00121010       0x24 binaries/rdsinit.o
                                 0x50 (size before relaxing)
 .eh_frame      0x00121034       0x28 binaries/rdsopen.o
                                 0x54 (size before relaxing)
 .eh_frame      0x0012105c       0x1c binaries/rdsprocess.o
                                 0x48 (size before relaxing)
 .eh_frame      0x00121078       0xe8 binaries/rdsqfcns.o
                                0x128 (size before relaxing)
 .eh_frame      0x00121160       0x28 binaries/rdsread.o
                                 0x54 (size before relaxing)
 .eh_frame      0x00121188       0x28 binaries/rdswrite.o
                                 0x54 (size before relaxing)
 .eh_frame      0x001211b0       0x20 binaries/ramclose.o
                                 0x4c (size before relaxing)
 .eh_frame      0x001211d0       0x28 binaries/raminit.o
                                 0x54 (size before relaxing)
 .eh_frame      0x001211f8       0x20 binaries/ramopen.o
                                 0x4c (size before relaxing)
 .eh_frame      0x00121218       0x28 binaries/ramread.o
                                 0x54 (size before relaxing)
 .eh_frame      0x00121240       0x28 binaries/ramwrite.o
                                 0x54 (size before relaxing)
 .eh_frame      0x00121268       0x28 binaries/lfdballoc.o
                                 0x54 (size before relaxing)
 .eh_frame      0x00121290       0x28 binaries/lfdbfree.o
                                 0x54 (size before relaxing)
 .eh_frame      0x001212b8       0x28 binaries/lfflush.o
                                 0x54 (size before relaxing)
 .eh_frame      0x001212e0       0x24 binaries/lfgetmode.o
                                 0x50 (size before relaxing)
 .eh_frame      0x00121304       0x28 binaries/lfiballoc.o
                                 0x54 (size before relaxing)
 .eh_frame      0x0012132c       0x24 binaries/lfibclear.o
                                 0x50 (size before relaxing)
 .eh_frame      0x00121350       0x28 binaries/lfibget.o
                                 0x54 (size before relaxing)
 .eh_frame      0x00121378       0x28 binaries/lfibput.o
                                 0x54 (size before relaxing)
 .eh_frame      0x001213a0       0x28 binaries/lflclose.o
                                 0x54 (size before relaxing)
 .eh_frame      0x001213c8       0x28 binaries/lflcontrol.o
                                 0x54 (size before relaxing)
 .eh_frame      0x001213f0       0x28 binaries/lflgetc.o
                                 0x54 (size before relaxing)
 .eh_frame      0x00121418       0x28 binaries/lflinit.o
                                 0x54 (size before relaxing)
 .eh_frame      0x00121440       0x28 binaries/lflputc.o
                                 0x54 (size before relaxing)
 .eh_frame      0x00121468       0x28 binaries/lflread.o
                                 0x54 (size before relaxing)
 .eh_frame      0x00121490       0x28 binaries/lflseek.o
                                 0x54 (size before relaxing)
 .eh_frame      0x001214b8       0x28 binaries/lflwrite.o
                                 0x54 (size before relaxing)
 .eh_frame      0x001214e0       0x24 binaries/lfscheck.o
                                 0x50 (size before relaxing)
 .eh_frame      0x00121504       0x28 binaries/lfsckfmt.o
                                 0x54 (size before relaxing)
 .eh_frame      0x0012152c       0x28 binaries/lfscreate.o
                                 0x54 (size before relaxing)
 .eh_frame      0x00121554       0x28 binaries/lfsetup.o
                                 0x54 (size before relaxing)
 .eh_frame      0x0012157c       0x28 binaries/lfsinit.o
                                 0x54 (size before relaxing)
 .eh_frame      0x001215a4       0x28 binaries/lfsopen.o
                                 0x54 (size before relaxing)
 .eh_frame      0x001215cc       0x28 binaries/lftruncate.o
                                 0x54 (size before relaxing)
 .eh_frame      0x001215f4       0x28 binaries/rflclose.o
                                 0x54 (size before relaxing)
 .eh_frame      0x0012161c       0x28 binaries/rflgetc.o
                                 0x54 (size before relaxing)
 .eh_frame      0x00121644       0x24 binaries/rflinit.o
                                 0x50 (size before relaxing)
 .eh_frame      0x00121668       0x24 binaries/rflputc.o
                                 0x50 (size before relaxing)
 .eh_frame      0x0012168c       0x28 binaries/rflread.o
                                 0x54 (size before relaxing)
 .eh_frame      0x001216b4       0x28 binaries/rflseek.o
                                 0x54 (size before relaxing)
 .eh_frame      0x001216dc       0x28 binaries/rflwrite.o
                                 0x54 (size before relaxing)
 .eh_frame      0x00121704       0x28 binaries/rfscomm.o
                                 0x54 (size before relaxing)
 .eh_frame      0x0012172c       0x28 binaries/rfscontrol.o
                                 0x54 (size before relaxing)
 .eh_frame      0x00121754       0x24 binaries/rfsgetmode.o
                                 0x50 (size before relaxing)
 .eh_frame      0x00121778       0x28 binaries/rfsinit.o
                                 0x54 (size before relaxing)
 .eh_frame      0x001217a0       0x28 binaries/rfsndmsg.o
                                 0x54 (size before relaxing)
 .eh_frame      0x001217c8       0x28 binaries/rfsopen.o
                                 0x54 (size before relaxing)
 .eh_frame      0x001217f0       0x28 binaries/pipe_close.o
                                 0x54 (size before relaxing)
 .eh_frame      0x00121818       0x28 binaries/pipe_getc.o
                                 0x54 (size before relaxing)
 .eh_frame      0x00121840       0x24 binaries/pipe_init.o
                                 0x50 (size before relaxing)
 .eh_frame      0x00121864       0x28 binaries/pipe_open.o
                                 0x54 (size before relaxing)
 .eh_frame      0x0012188c       0x28 binaries/pipe_putc.o
                                 0x54 (size before relaxing)
 .eh_frame      0x001218b4       0x28 binaries/pipe_read.o
                                 0x54 (size before relaxing)
 .eh_frame      0x001218dc       0x28 binaries/pipe_write.o
                                 0x54 (size before relaxing)
 .eh_frame      0x00121904       0xdc binaries/arp.o
                                0x130 (size before relaxing)
 .eh_frame      0x001219e0       0xc0 binaries/dhcp.o
                                0x100 (size before relaxing)
 .eh_frame      0x00121aa0       0xa0 binaries/dns.o
                                 0xe0 (size before relaxing)
 .eh_frame      0x00121b40       0x24 binaries/dot2ip.o
                                 0x50 (size before relaxing)
 .eh_frame      0x00121b64       0x50 binaries/hexdump.o
                                 0x7c (size before relaxing)
 .eh_frame      0x00121bb4      0x180 binaries/icmp.o
                                0x1d4 (size before relaxing)
 .eh_frame      0x00121d34      0x148 binaries/ip.o
                                0x188 (size before relaxing)
 .eh_frame      0x00121e7c       0xac binaries/net.o
                                0x100 (size before relaxing)
 .eh_frame      0x00121f28       0x60 binaries/pdump.o
                                 0xa0 (size before relaxing)
 .eh_frame      0x00121f88       0x70 binaries/tftp.o
                                 0xb0 (size before relaxing)
 .eh_frame      0x00121ff8      0x17c binaries/udp.o
                                0x1d0 (size before relaxing)
 .eh_frame      0x00122174       0x2c binaries/addargs.o
                                 0x58 (size before relaxing)
 .eh_frame      0x001221a0       0x24 binaries/lexan.o
                                 0x50 (size before relaxing)
 .eh_frame      0x001221c4       0x54 binaries/shell.o
                                 0x80 (size before relaxing)
 .eh_frame      0x00122218       0x28 binaries/xsh_argecho.o
                                 0x54 (size before relaxing)
 .eh_frame      0x00122240       0x50 binaries/xsh_arp.o
                                 0x7c (size before relaxing)
 .eh_frame      0x00122290       0x2c binaries/xsh_cat.o
                                 0x58 (size before relaxing)
 .eh_frame      0x001222bc       0x28 binaries/xsh_clear.o
                                 0x54 (size before relaxing)
 .eh_frame      0x001222e4       0x2c binaries/xsh_date.o
                                 0x58 (size before relaxing)
 .eh_frame      0x00122310       0x28 binaries/xsh_devdump.o
                                 0x54 (size before relaxing)
 .eh_frame      0x00122338       0x28 binaries/xsh_echo.o
                                 0x54 (size before relaxing)
 .eh_frame      0x00122360       0x20 binaries/xsh_exit.o
                                 0x4c (size before relaxing)
 .eh_frame      0x00122380       0xb0 binaries/xsh_hello.o
                                 0xdc (size before relaxing)
 .eh_frame      0x00122430       0x2c binaries/xsh_help.o
                                 0x58 (size before relaxing)
 .eh_frame      0x0012245c       0x2c binaries/xsh_kill.o
                                 0x58 (size before relaxing)
 .eh_frame      0x00122488       0x30 binaries/xsh_ls.o
                                 0x5c (size before relaxing)
 .eh_frame      0x001224b8       0x50 binaries/xsh_memdump.o
                                 0x90 (size before relaxing)
 .eh_frame      0x00122508       0x7c binaries/xsh_memstat.o
                                 0xa8 (size before relaxing)
 .eh_frame      0x00122584       0x30 binaries/xsh_netinfo.o
                                 0x5c (size before relaxing)
 .eh_frame      0x001225b4       0x30 binaries/xsh_ns.o
                                 0x5c (size before relaxing)
 .eh_frame      0x001225e4       0x30 binaries/xsh_ping.o
                                 0x5c (size before relaxing)
 .eh_frame      0x00122614       0x30 binaries/xsh_ps.o
                                 0x5c (size before relaxing)
 .eh_frame      0x00122644       0x2c binaries/xsh_sleep.o
                                 0x58 (size before relaxing)
 .eh_frame      0x00122670       0x30 binaries/xsh_tee.o
                                 0x5c (size before relaxing)
 .eh_frame      0x001226a0       0x2c binaries/xsh_udpdump.o
                                 0x58 (size before relaxing)
 .eh_frame      0x001226cc       0x30 binaries/xsh_udpecho.o
                                 0x5c (size before relaxing)
 .eh_frame      0x001226fc       0x30 binaries/xsh_udpserver.o
                                 0x5c (size before relaxing)
 .eh_frame      0x0012272c       0x2c binaries/xsh_uptime.o
                                 0x58 (size before relaxing)

.iplt           0x00122758        0x0
 .iplt          0x00122758        0x0 binaries/start.o

.rel.dyn        0x00122758        0x0
 .rel.got       0x00122758        0x0 binaries/start.o
 .rel.iplt      0x00122758        0x0 binaries/start.o
 .rel.text      0x00122758        0x0 binaries/start.o

.data           0x00122760     0x18a0
                0x00122760                        data = ABSOLUTE (.)
 *(.data .data.*)
 .data          0x00122760      0x460 binaries/start.o
                0x00122760                gdt
                0x001227a0                gdtr
                0x001227a6                idt
                0x00122ba6                idtr
                0x00122bac                cpudelay
                0x00122bb0                _bootdev
                0x00122bb4                _cyloffset
 .data          0x00122bc0        0x0 binaries/ascdate.o
 .data.rel.local
                0x00122bc0       0x88 binaries/ascdate.o
                0x00122bc0                Date
 .data          0x00122c48        0x0 binaries/bufinit.o
 .data          0x00122c48        0x0 binaries/chprio.o
 .data          0x00122c48        0x4 binaries/clkhandler.o
 .data          0x00122c4c        0x0 binaries/clkinit.o
 .data          0x00122c4c        0x0 binaries/close.o
 .data          0x00122c4c        0x0 binaries/conf.o
 *fill*         0x00122c4c       0x14 
 .data.rel      0x00122c60      0x7f8 binaries/conf.o
                0x00122c60                devtab
 .data          0x00123458        0x0 binaries/control.o
 .data          0x00123458        0x4 binaries/create.o
 .data          0x0012345c        0x0 binaries/evec.o
 *fill*         0x0012345c        0x4 
 .data.rel.local
                0x00123460       0x40 binaries/evec.o
                0x00123460                inames
 .data          0x001234a0        0x0 binaries/exit.o
 .data          0x001234a0        0x0 binaries/freebuf.o
 .data          0x001234a0        0x0 binaries/freemem.o
 .data          0x001234a0        0x0 binaries/getbuf.o
 .data          0x001234a0        0x0 binaries/getc.o
 .data          0x001234a0        0x0 binaries/getdev.o
 .data          0x001234a0        0x0 binaries/getitem.o
 .data          0x001234a0        0x0 binaries/getmem.o
 .data          0x001234a0        0x0 binaries/getpid.o
 .data          0x001234a0        0x0 binaries/getprio.o
 .data          0x001234a0        0x0 binaries/getstk.o
 .data          0x001234a0        0x0 binaries/getticks.o
 .data          0x001234a0        0x0 binaries/gettime.o
 .data          0x001234a0        0x0 binaries/getutime.o
 .data          0x001234a0       0x40 binaries/i386.o
                0x001234a0                gdt_copy
 .data          0x001234e0        0x0 binaries/init.o
 .data          0x001234e0        0x0 binaries/initialize.o
 .data          0x001234e0        0x0 binaries/insert.o
 .data          0x001234e0        0x0 binaries/insertd.o
 .data          0x001234e0        0x0 binaries/ioerr.o
 .data          0x001234e0        0x0 binaries/ionull.o
 .data          0x001234e0        0x0 binaries/kill.o
 .data          0x001234e0        0x0 binaries/kprintf.o
 .data          0x001234e0        0x0 binaries/main.o
 .data          0x001234e0        0x0 binaries/mark.o
 .data          0x001234e0        0x0 binaries/meminit.o
 .data          0x001234e0        0x0 binaries/mkbufpool.o
 .data          0x001234e0        0x2 binaries/newqueue.o
 .data          0x001234e2        0x0 binaries/open.o
 .data          0x001234e2        0x0 binaries/panic.o
 *fill*         0x001234e2        0x2 
 .data          0x001234e4       0x10 binaries/pci.o
 .data          0x001234f4        0x0 binaries/ptclear.o
 .data          0x001234f4        0x0 binaries/ptcount.o
 .data          0x001234f4        0x0 binaries/ptcreate.o
 .data          0x001234f4        0x0 binaries/ptdelete.o
 .data          0x001234f4        0x0 binaries/ptinit.o
 .data          0x001234f4        0x0 binaries/ptrecv.o
 .data          0x001234f4        0x0 binaries/ptreset.o
 .data          0x001234f4        0x0 binaries/ptsend.o
 .data          0x001234f4        0x0 binaries/putc.o
 .data          0x001234f4        0x0 binaries/queue.o
 .data          0x001234f4        0x0 binaries/read.o
 .data          0x001234f4        0x0 binaries/ready.o
 .data          0x001234f4        0x0 binaries/receive.o
 .data          0x001234f4        0x0 binaries/recvclr.o
 .data          0x001234f4        0x0 binaries/recvtime.o
 .data          0x001234f4        0x0 binaries/resched.o
 .data          0x001234f4        0x0 binaries/resume.o
 .data          0x001234f4        0x0 binaries/seek.o
 .data          0x001234f4        0x0 binaries/semcount.o
 .data          0x001234f4        0x0 binaries/semcreate.o
 .data          0x001234f4        0x0 binaries/semdelete.o
 .data          0x001234f4        0x0 binaries/semreset.o
 .data          0x001234f4        0x0 binaries/send.o
 .data          0x001234f4        0x0 binaries/signal.o
 .data          0x001234f4        0x0 binaries/signaln.o
 .data          0x001234f4        0x0 binaries/sleep.o
 .data          0x001234f4        0x0 binaries/stacktrace.o
 .data          0x001234f4        0x0 binaries/suspend.o
 .data          0x001234f4        0x0 binaries/unsleep.o
 .data          0x001234f4        0x0 binaries/userret.o
 .data          0x001234f4        0x0 binaries/wait.o
 .data          0x001234f4        0x0 binaries/wakeup.o
 .data          0x001234f4        0x0 binaries/write.o
 .data          0x001234f4        0x0 binaries/xdone.o
 .data          0x001234f4        0x0 binaries/yield.o
 .data          0x001234f4        0x0 binaries/abs.o
 .data          0x001234f4        0x0 binaries/atoi.o
 .data          0x001234f4        0x0 binaries/atol.o
 .data          0x001234f4        0x0 binaries/bzero.o
 .data          0x001234f4        0x0 binaries/ctype_.o
 .data          0x001234f4        0x0 binaries/doprnt.o
 *fill*         0x001234f4        0xc 
 .data          0x00123500       0x80 binaries/doscan.o
                0x00123500                _sctab
 .data          0x00123580        0x0 binaries/fdoprnt.o
 .data          0x00123580        0x0 binaries/fgetc.o
 .data          0x00123580        0x0 binaries/fgets.o
 .data          0x00123580        0x0 binaries/fprintf.o
 .data          0x00123580        0x0 binaries/fputc.o
 .data          0x00123580        0x0 binaries/fputs.o
 .data          0x00123580        0x0 binaries/fscanf.o
 .data          0x00123580        0x0 binaries/getchar.o
 .data          0x00123580        0x0 binaries/labs.o
 .data          0x00123580        0x0 binaries/memcmp.o
 .data          0x00123580        0x0 binaries/memcpy.o
 .data          0x00123580        0x0 binaries/memset.o
 .data          0x00123580        0x0 binaries/printf.o
 .data          0x00123580        0x0 binaries/putchar.o
 .data          0x00123580        0x0 binaries/qsort.o
 .data          0x00123580        0x4 binaries/rand.o
 .data          0x00123584        0x0 binaries/sprintf.o
 .data          0x00123584        0x0 binaries/sscanf.o
 .data          0x00123584        0x0 binaries/strchr.o
 .data          0x00123584        0x0 binaries/strcmp.o
 .data          0x00123584        0x0 binaries/strcpy.o
 .data          0x00123584        0x0 binaries/strlen.o
 .data          0x00123584        0x0 binaries/strncat.o
 .data          0x00123584        0x0 binaries/strncmp.o
 .data          0x00123584        0x0 binaries/strncpy.o
 .data          0x00123584        0x0 binaries/strnlen.o
 .data          0x00123584        0x0 binaries/strrchr.o
 .data          0x00123584        0x0 binaries/strstr.o
 .data          0x00123584        0x0 binaries/ttycontrol.o
 .data          0x00123584        0x0 binaries/ttygetc.o
 .data          0x00123584        0x0 binaries/ttyhandle_in.o
 .data          0x00123584        0x0 binaries/ttyhandle_out.o
 .data          0x00123584        0x0 binaries/ttyhandler.o
 .data          0x00123584        0x0 binaries/ttyinit.o
 .data          0x00123584        0x0 binaries/ttykickout.o
 .data          0x00123584        0x0 binaries/ttyputc.o
 .data          0x00123584        0x0 binaries/ttyread.o
 .data          0x00123584        0x0 binaries/ttywrite.o
 .data          0x00123584        0x0 binaries/mount.o
 .data          0x00123584        0x0 binaries/naminit.o
 .data          0x00123584        0x0 binaries/nammap.o
 .data          0x00123584        0x0 binaries/namopen.o
 .data          0x00123584        0x0 binaries/82545EMInit.o
 .data          0x00123584        0x0 binaries/ethcontrol.o
 .data          0x00123584        0x0 binaries/ethhandler.o
 .data          0x00123584        0x0 binaries/ethinit.o
 .data          0x00123584        0x0 binaries/ethread.o
 .data          0x00123584        0x0 binaries/ethwrite.o
 .data          0x00123584        0x0 binaries/rdsars.o
 .data          0x00123584        0x0 binaries/rdscomm.o
 .data          0x00123584        0x0 binaries/rdscontrol.o
 .data          0x00123584        0x0 binaries/rdsinit.o
 .data          0x00123584        0x0 binaries/rdsopen.o
 .data          0x00123584        0x0 binaries/rdsprocess.o
 .data          0x00123584        0x0 binaries/rdsqfcns.o
 .data          0x00123584        0x0 binaries/rdsread.o
 .data          0x00123584        0x0 binaries/rdswrite.o
 .data          0x00123584        0x0 binaries/ramclose.o
 .data          0x00123584        0x0 binaries/raminit.o
 .data          0x00123584        0x0 binaries/ramopen.o
 .data          0x00123584        0x0 binaries/ramread.o
 .data          0x00123584        0x0 binaries/ramwrite.o
 .data          0x00123584        0x0 binaries/lfdballoc.o
 .data          0x00123584        0x0 binaries/lfdbfree.o
 .data          0x00123584        0x0 binaries/lfflush.o
 .data          0x00123584        0x0 binaries/lfgetmode.o
 .data          0x00123584        0x0 binaries/lfiballoc.o
 .data          0x00123584        0x0 binaries/lfibclear.o
 .data          0x00123584        0x0 binaries/lfibget.o
 .data          0x00123584        0x0 binaries/lfibput.o
 .data          0x00123584        0x0 binaries/lflclose.o
 .data          0x00123584        0x0 binaries/lflcontrol.o
 .data          0x00123584        0x0 binaries/lflgetc.o
 .data          0x00123584        0x0 binaries/lflinit.o
 .data          0x00123584        0x0 binaries/lflputc.o
 .data          0x00123584        0x0 binaries/lflread.o
 .data          0x00123584        0x0 binaries/lflseek.o
 .data          0x00123584        0x0 binaries/lflwrite.o
 .data          0x00123584        0x0 binaries/lfscheck.o
 .data          0x00123584        0x0 binaries/lfsckfmt.o
 .data          0x00123584        0x0 binaries/lfscreate.o
 .data          0x00123584        0x0 binaries/lfsetup.o
 .data          0x00123584        0x0 binaries/lfsinit.o
 .data          0x00123584        0x0 binaries/lfsopen.o
 .data          0x00123584        0x0 binaries/lftruncate.o
 .data          0x00123584        0x0 binaries/rflclose.o
 .data          0x00123584        0x0 binaries/rflgetc.o
 .data          0x00123584        0x0 binaries/rflinit.o
 .data          0x00123584        0x0 binaries/rflputc.o
 .data          0x00123584        0x0 binaries/rflread.o
 .data          0x00123584        0x0 binaries/rflseek.o
 .data          0x00123584        0x0 binaries/rflwrite.o
 .data          0x00123584        0x0 binaries/rfscomm.o
 .data          0x00123584        0x0 binaries/rfscontrol.o
 .data          0x00123584        0x0 binaries/rfsgetmode.o
 .data          0x00123584        0x0 binaries/rfsinit.o
 .data          0x00123584        0x0 binaries/rfsndmsg.o
 .data          0x00123584        0x0 binaries/rfsopen.o
 .data          0x00123584        0x0 binaries/pipe_close.o
 .data          0x00123584        0x0 binaries/pipe_getc.o
 .data          0x00123584        0x0 binaries/pipe_init.o
 .data          0x00123584        0x0 binaries/pipe_open.o
 .data          0x00123584        0x0 binaries/pipe_putc.o
 .data          0x00123584        0x0 binaries/pipe_read.o
 .data          0x00123584        0x0 binaries/pipe_write.o
 .data          0x00123584        0x0 binaries/arp.o
 .data          0x00123584        0x0 binaries/dhcp.o
 .data          0x00123584        0x0 binaries/dns.o
 .data          0x00123584        0x0 binaries/dot2ip.o
 .data          0x00123584        0x0 binaries/hexdump.o
 .data          0x00123584        0x4 binaries/icmp.o
 .data          0x00123588        0x0 binaries/ip.o
 .data          0x00123588        0x0 binaries/net.o
 .data          0x00123588        0x0 binaries/pdump.o
 .data          0x00123588        0x0 binaries/tftp.o
 .data          0x00123588        0x4 binaries/udp.o
 .data          0x0012358c        0x0 binaries/addargs.o
 .data          0x0012358c        0x0 binaries/lexan.o
 .data          0x0012358c        0x4 binaries/shell.o
                0x0012358c                ncmd
 *fill*         0x00123590       0x10 
 .data.rel.ro   0x001235a0       0xc0 binaries/shell.o
                0x001235a0                cmdtab
 .data          0x00123660        0x0 binaries/xsh_argecho.o
 .data          0x00123660        0x0 binaries/xsh_arp.o
 .data          0x00123660        0x0 binaries/xsh_cat.o
 .data          0x00123660        0x0 binaries/xsh_clear.o
 .data          0x00123660        0x0 binaries/xsh_date.o
 .data          0x00123660        0x0 binaries/xsh_devdump.o
 .data          0x00123660        0x0 binaries/xsh_echo.o
 .data          0x00123660        0x0 binaries/xsh_exit.o
 .data          0x00123660        0x0 binaries/xsh_hello.o
 .data          0x00123660        0x0 binaries/xsh_help.o
 .data          0x00123660        0x0 binaries/xsh_kill.o
 .data          0x00123660        0x0 binaries/xsh_ls.o
 .data          0x00123660        0x0 binaries/xsh_memdump.o
 .data          0x00123660        0x0 binaries/xsh_memstat.o
 .data          0x00123660        0x0 binaries/xsh_netinfo.o
 .data          0x00123660       0x20 binaries/xsh_ns.o
 .data          0x00123680        0x0 binaries/xsh_ping.o
 .data          0x00123680       0x20 binaries/xsh_ps.o
 .data          0x001236a0        0x0 binaries/xsh_sleep.o
 .data          0x001236a0        0x0 binaries/xsh_tee.o
 .data          0x001236a0        0x0 binaries/xsh_udpdump.o
 .data          0x001236a0        0x0 binaries/xsh_udpecho.o
 .data          0x001236a0        0x0 binaries/xsh_udpserver.o
 .data          0x001236a0        0x0 binaries/xsh_uptime.o
 .data          0x001236a0        0x0 binaries/clkdisp.o
 .data          0x001236a0        0x0 binaries/ctxsw.o
 .data          0x001236a0        0x0 binaries/intr.o
 .data          0x001236a0        0x0 binaries/ttydispatch.o
 .data          0x001236a0        0x0 binaries/ethdispatch.o
                0x001236a0                        edata = ABSOLUTE (.)
                0x001236a0                        _edata = ABSOLUTE (.)
                0x00124000                        . = ALIGN (0x1000)
 *fill*         0x001236a0      0x960 

.got            0x00124000        0x0
 .got           0x00124000        0x0 binaries/start.o

.got.plt        0x00124000        0xc
 .got.plt       0x00124000        0xc binaries/start.o
                0x00124000                _GLOBAL_OFFSET_TABLE_

.igot.plt       0x0012400c        0x0
 .igot.plt      0x0012400c        0x0 binaries/start.o

.bss            0x00124020    0x23fe0
                0x00124020                        bss = ABSOLUTE (.)
 *(.bss .bss.*)
 .bss           0x00124020        0x0 binaries/start.o
 .bss           0x00124020        0x0 binaries/ascdate.o
 .bss           0x00124020       0xa4 binaries/bufinit.o
                0x00124020                buftab
                0x001240c0                nbpools
 .bss           0x001240c4        0x0 binaries/chprio.o
 .bss           0x001240c4        0x0 binaries/clkhandler.o
 .bss           0x001240c4       0x10 binaries/clkinit.o
                0x001240c4                clktime
                0x001240c8                ctr1000
                0x001240cc                sleepq
                0x001240d0                preempt
 .bss           0x001240d4        0x0 binaries/close.o
 .bss           0x001240d4        0x0 binaries/conf.o
 .bss           0x001240d4        0x0 binaries/control.o
 .bss           0x001240d4        0x0 binaries/create.o
 .bss           0x001240d4        0x8 binaries/evec.o
                0x001240d4                girmask
 .bss           0x001240dc        0x0 binaries/exit.o
 .bss           0x001240dc        0x0 binaries/freebuf.o
 .bss           0x001240dc        0x0 binaries/freemem.o
 .bss           0x001240dc        0x0 binaries/getbuf.o
 .bss           0x001240dc        0x0 binaries/getc.o
 .bss           0x001240dc        0x0 binaries/getdev.o
 .bss           0x001240dc        0x0 binaries/getitem.o
 .bss           0x001240dc        0x0 binaries/getmem.o
 .bss           0x001240dc        0x0 binaries/getpid.o
 .bss           0x001240dc        0x0 binaries/getprio.o
 .bss           0x001240dc        0x0 binaries/getstk.o
 .bss           0x001240dc        0x0 binaries/getticks.o
 .bss           0x001240dc        0x0 binaries/gettime.o
 .bss           0x001240dc        0x0 binaries/getutime.o
 .bss           0x001240dc        0x4 binaries/i386.o
                0x001240dc                initsp
 .bss           0x001240e0        0x0 binaries/init.o
 .bss           0x001240e0     0x1aa0 binaries/initialize.o
                0x001240e0                proctab
                0x001256c0                semtab
                0x00125b70                memlist
                0x00125b78                prcount
                0x00125b7c                currpid
 .bss           0x00125b80        0x0 binaries/insert.o
 .bss           0x00125b80        0x0 binaries/insertd.o
 .bss           0x00125b80        0x0 binaries/ioerr.o
 .bss           0x00125b80        0x0 binaries/ionull.o
 .bss           0x00125b80        0x0 binaries/kill.o
 .bss           0x00125b80        0x0 binaries/kprintf.o
 .bss           0x00125b80        0x0 binaries/main.o
 .bss           0x00125b80       0x58 binaries/mark.o
                0x00125b80                marks
                0x00125bd0                nmarks
                0x00125bd4                mkmutex
 .bss           0x00125bd8        0x8 binaries/meminit.o
                0x00125bd8                minheap
                0x00125bdc                maxheap
 .bss           0x00125be0        0x0 binaries/mkbufpool.o
 .bss           0x00125be0        0x0 binaries/newqueue.o
 .bss           0x00125be0        0x0 binaries/open.o
 .bss           0x00125be0        0x0 binaries/panic.o
 .bss           0x00125be0        0xc binaries/pci.o
 .bss           0x00125bec        0x0 binaries/ptclear.o
 .bss           0x00125bec        0x0 binaries/ptcount.o
 .bss           0x00125bec        0x0 binaries/ptcreate.o
 .bss           0x00125bec        0x0 binaries/ptdelete.o
 *fill*         0x00125bec       0x14 
 .bss           0x00125c00      0x2f4 binaries/ptinit.o
                0x00125c00                ptfree
                0x00125c20                porttab
                0x00125ef0                ptnextid
 .bss           0x00125ef4        0x0 binaries/ptrecv.o
 .bss           0x00125ef4        0x0 binaries/ptreset.o
 .bss           0x00125ef4        0x0 binaries/ptsend.o
 .bss           0x00125ef4        0x0 binaries/putc.o
 *fill*         0x00125ef4        0xc 
 .bss           0x00125f00      0x980 binaries/queue.o
                0x00125f00                queuetab
 .bss           0x00126880        0x0 binaries/read.o
 .bss           0x00126880        0x2 binaries/ready.o
                0x00126880                readylist
 .bss           0x00126882        0x0 binaries/receive.o
 .bss           0x00126882        0x0 binaries/recvclr.o
 .bss           0x00126882        0x0 binaries/recvtime.o
 *fill*         0x00126882        0x2 
 .bss           0x00126884        0x8 binaries/resched.o
                0x00126884                Defer
 .bss           0x0012688c        0x0 binaries/resume.o
 .bss           0x0012688c        0x0 binaries/seek.o
 .bss           0x0012688c        0x0 binaries/semcount.o
 .bss           0x0012688c        0x4 binaries/semcreate.o
 .bss           0x00126890        0x0 binaries/semdelete.o
 .bss           0x00126890        0x0 binaries/semreset.o
 .bss           0x00126890        0x0 binaries/send.o
 .bss           0x00126890        0x0 binaries/signal.o
 .bss           0x00126890        0x0 binaries/signaln.o
 .bss           0x00126890        0x0 binaries/sleep.o
 .bss           0x00126890        0x0 binaries/stacktrace.o
 .bss           0x00126890        0x0 binaries/suspend.o
 .bss           0x00126890        0x0 binaries/unsleep.o
 .bss           0x00126890        0x0 binaries/userret.o
 .bss           0x00126890        0x0 binaries/wait.o
 .bss           0x00126890        0x0 binaries/wakeup.o
 .bss           0x00126890        0x0 binaries/write.o
 .bss           0x00126890        0x0 binaries/xdone.o
 .bss           0x00126890        0x0 binaries/yield.o
 .bss           0x00126890        0x0 binaries/abs.o
 .bss           0x00126890        0x0 binaries/atoi.o
 .bss           0x00126890        0x0 binaries/atol.o
 .bss           0x00126890        0x0 binaries/bzero.o
 .bss           0x00126890        0x0 binaries/ctype_.o
 .bss           0x00126890        0x0 binaries/doprnt.o
 .bss           0x00126890        0x0 binaries/doscan.o
 .bss           0x00126890        0x0 binaries/fdoprnt.o
 .bss           0x00126890        0x0 binaries/fgetc.o
 .bss           0x00126890        0x0 binaries/fgets.o
 .bss           0x00126890        0x0 binaries/fprintf.o
 .bss           0x00126890        0x0 binaries/fputc.o
 .bss           0x00126890        0x0 binaries/fputs.o
 .bss           0x00126890        0x0 binaries/fscanf.o
 .bss           0x00126890        0x0 binaries/getchar.o
 .bss           0x00126890        0x0 binaries/labs.o
 .bss           0x00126890        0x0 binaries/memcmp.o
 .bss           0x00126890        0x0 binaries/memcpy.o
 .bss           0x00126890        0x0 binaries/memset.o
 .bss           0x00126890        0x0 binaries/printf.o
 .bss           0x00126890        0x0 binaries/putchar.o
 .bss           0x00126890        0x8 binaries/qsort.o
 .bss           0x00126898        0x0 binaries/rand.o
 .bss           0x00126898        0x0 binaries/sprintf.o
 .bss           0x00126898        0x0 binaries/sscanf.o
 .bss           0x00126898        0x0 binaries/strchr.o
 .bss           0x00126898        0x0 binaries/strcmp.o
 .bss           0x00126898        0x0 binaries/strcpy.o
 .bss           0x00126898        0x0 binaries/strlen.o
 .bss           0x00126898        0x0 binaries/strncat.o
 .bss           0x00126898        0x0 binaries/strncmp.o
 .bss           0x00126898        0x0 binaries/strncpy.o
 .bss           0x00126898        0x0 binaries/strnlen.o
 .bss           0x00126898        0x0 binaries/strrchr.o
 .bss           0x00126898        0x0 binaries/strstr.o
 .bss           0x00126898        0x0 binaries/ttycontrol.o
 .bss           0x00126898        0x0 binaries/ttygetc.o
 .bss           0x00126898        0x0 binaries/ttyhandle_in.o
 .bss           0x00126898        0x0 binaries/ttyhandle_out.o
 .bss           0x00126898        0x0 binaries/ttyhandler.o
 *fill*         0x00126898        0x8 
 .bss           0x001268a0      0x110 binaries/ttyinit.o
                0x001268a0                ttytab
 .bss           0x001269b0        0x0 binaries/ttykickout.o
 .bss           0x001269b0        0x0 binaries/ttyputc.o
 .bss           0x001269b0        0x0 binaries/ttyread.o
 .bss           0x001269b0        0x0 binaries/ttywrite.o
 .bss           0x001269b0        0x0 binaries/mount.o
 *fill*         0x001269b0       0x10 
 .bss           0x001269c0     0x5204 binaries/naminit.o
                0x001269c0                nametab
                0x0012bbc0                nnames
 .bss           0x0012bbc4        0x0 binaries/nammap.o
 .bss           0x0012bbc4        0x0 binaries/namopen.o
 .bss           0x0012bbc4        0x0 binaries/82545EMInit.o
 .bss           0x0012bbc4        0x0 binaries/ethcontrol.o
 .bss           0x0012bbc4        0x0 binaries/ethhandler.o
 *fill*         0x0012bbc4       0x1c 
 .bss           0x0012bbe0      0x130 binaries/ethinit.o
                0x0012bbe0                ethertab
 .bss           0x0012bd10        0x0 binaries/ethread.o
 .bss           0x0012bd10        0x0 binaries/ethwrite.o
 .bss           0x0012bd10        0x0 binaries/rdsars.o
 .bss           0x0012bd10        0x0 binaries/rdscomm.o
 .bss           0x0012bd10        0x0 binaries/rdscontrol.o
 *fill*         0x0012bd10       0x10 
 .bss           0x0012bd20      0x6c0 binaries/rdsinit.o
                0x0012bd20                rdstab
 .bss           0x0012c3e0        0x0 binaries/rdsopen.o
 .bss           0x0012c3e0        0x0 binaries/rdsprocess.o
 .bss           0x0012c3e0        0x0 binaries/rdsqfcns.o
 .bss           0x0012c3e0        0x0 binaries/rdsread.o
 .bss           0x0012c3e0        0x0 binaries/rdswrite.o
 .bss           0x0012c3e0        0x0 binaries/ramclose.o
 .bss           0x0012c3e0    0x19000 binaries/raminit.o
                0x0012c3e0                Ram
 .bss           0x001453e0        0x0 binaries/ramopen.o
 .bss           0x001453e0        0x0 binaries/ramread.o
 .bss           0x001453e0        0x0 binaries/ramwrite.o
 .bss           0x001453e0        0x0 binaries/lfdballoc.o
 .bss           0x001453e0        0x0 binaries/lfdbfree.o
 .bss           0x001453e0        0x0 binaries/lfflush.o
 .bss           0x001453e0        0x0 binaries/lfgetmode.o
 .bss           0x001453e0        0x0 binaries/lfiballoc.o
 .bss           0x001453e0        0x0 binaries/lfibclear.o
 .bss           0x001453e0        0x0 binaries/lfibget.o
 .bss           0x001453e0        0x0 binaries/lfibput.o
 .bss           0x001453e0        0x0 binaries/lflclose.o
 .bss           0x001453e0        0x0 binaries/lflcontrol.o
 .bss           0x001453e0        0x0 binaries/lflgetc.o
 .bss           0x001453e0      0xf00 binaries/lflinit.o
                0x001453e0                lfltab
 .bss           0x001462e0        0x0 binaries/lflputc.o
 .bss           0x001462e0        0x0 binaries/lflread.o
 .bss           0x001462e0        0x0 binaries/lflseek.o
 .bss           0x001462e0        0x0 binaries/lflwrite.o
 .bss           0x001462e0        0x0 binaries/lfscheck.o
 .bss           0x001462e0        0x0 binaries/lfsckfmt.o
 .bss           0x001462e0        0x0 binaries/lfscreate.o
 .bss           0x001462e0        0x0 binaries/lfsetup.o
 .bss           0x001462e0      0x20c binaries/lfsinit.o
                0x001462e0                Lf_data
 .bss           0x001464ec        0x0 binaries/lfsopen.o
 .bss           0x001464ec        0x0 binaries/lftruncate.o
 .bss           0x001464ec        0x0 binaries/rflclose.o
 .bss           0x001464ec        0x0 binaries/rflgetc.o
 *fill*         0x001464ec       0x14 
 .bss           0x00146500      0x5a0 binaries/rflinit.o
                0x00146500                rfltab
 .bss           0x00146aa0        0x0 binaries/rflputc.o
 .bss           0x00146aa0        0x0 binaries/rflread.o
 .bss           0x00146aa0        0x0 binaries/rflseek.o
 .bss           0x00146aa0        0x0 binaries/rflwrite.o
 .bss           0x00146aa0        0x0 binaries/rfscomm.o
 .bss           0x00146aa0        0x0 binaries/rfscontrol.o
 .bss           0x00146aa0        0x0 binaries/rfsgetmode.o
 .bss           0x00146aa0       0x18 binaries/rfsinit.o
                0x00146aa0                Rf_data
 .bss           0x00146ab8        0x0 binaries/rfsndmsg.o
 .bss           0x00146ab8        0x0 binaries/rfsopen.o
 .bss           0x00146ab8        0x0 binaries/pipe_close.o